// Vitest Snapshot v1, https://vitest.dev/guide/snapshot.html

exports[`css\`\${...}\` 1`] = `
"const cssColor = 'blue';
({
  className: \\"c0 m0\\",
  runtime: [[\\"bL\\", cssColor], [\\"bM\\", \\"1px solid \\" + cssColor]]
});"
`;

exports[`css\`...\` 1`] = `
[
  "c0",
]
`;

exports[`css\`...\` 2`] = `"\\"c0\\";"`;
